
--- HETEROGENEITY EXPERIMENT V2 (sparse_er, lognormal gains) ---
Methods: ['static_budgeted', 'random_budgeted', 'hebbian_frobenius', 'hybrid_frobenius', 'oracle_compensation']
Sigmas: [0.0, 0.25, 0.5, 1.0]
Graph seeds: 0..2, Method seeds: 0..9
Expected total cells: 600

Graph seed 0: n=200, m=1068, mean_deg=10.68, budget=5.34
    g=0 m=0 sigma=0.0 static_budgeted                cut=738 t=0.7s [total elapsed 0.8min, n_rows=1]
    g=0 m=0 sigma=0.0 random_budgeted                cut=747 t=0.6s [total elapsed 0.8min, n_rows=2]
/home/ben/.local/lib/python3.12/site-packages/numpy/lib/_function_base_impl.py:3023: RuntimeWarning: invalid value encountered in divide
  c /= stddev[:, None]
/home/ben/.local/lib/python3.12/site-packages/numpy/lib/_function_base_impl.py:3024: RuntimeWarning: invalid value encountered in divide
  c /= stddev[None, :]
    g=0 m=0 sigma=0.0 hebbian_frobenius              cut=730 t=43.7s [total elapsed 1.5min, n_rows=3]
    g=0 m=0 sigma=0.0 hybrid_frobenius               cut=730 t=44.1s [total elapsed 2.2min, n_rows=4]
    g=0 m=0 sigma=0.0 oracle_compensation            cut=759 t=1.1s [total elapsed 2.3min, n_rows=5]
    g=0 m=1 sigma=0.0 static_budgeted                cut=754 t=0.7s [total elapsed 2.3min, n_rows=6]
    g=0 m=1 sigma=0.0 random_budgeted                cut=740 t=0.5s [total elapsed 2.3min, n_rows=7]
    g=0 m=1 sigma=0.0 hebbian_frobenius              cut=706 t=42.7s [total elapsed 3.0min, n_rows=8]
    g=0 m=1 sigma=0.0 hybrid_frobenius               cut=702 t=42.1s [total elapsed 3.7min, n_rows=9]
    g=0 m=1 sigma=0.0 oracle_compensation            cut=750 t=1.0s [total elapsed 3.7min, n_rows=10]
    g=0 m=2 sigma=0.0 static_budgeted                cut=738 t=0.6s [total elapsed 3.7min, n_rows=11]
    g=0 m=2 sigma=0.0 random_budgeted                cut=751 t=0.5s [total elapsed 3.7min, n_rows=12]
    g=0 m=2 sigma=0.0 hebbian_frobenius              cut=726 t=75.6s [total elapsed 5.0min, n_rows=13]
    g=0 m=2 sigma=0.0 hybrid_frobenius               cut=726 t=74.3s [total elapsed 6.2min, n_rows=14]
    g=0 m=2 sigma=0.0 oracle_compensation            cut=758 t=1.0s [total elapsed 6.2min, n_rows=15]
    g=0 m=3 sigma=0.0 static_budgeted                cut=738 t=0.6s [total elapsed 6.3min, n_rows=16]
    g=0 m=3 sigma=0.0 random_budgeted                cut=758 t=0.6s [total elapsed 6.3min, n_rows=17]
    g=0 m=3 sigma=0.0 hebbian_frobenius              cut=705 t=45.4s [total elapsed 7.0min, n_rows=18]
    g=0 m=3 sigma=0.0 hybrid_frobenius               cut=705 t=49.9s [total elapsed 7.9min, n_rows=19]
    g=0 m=3 sigma=0.0 oracle_compensation            cut=753 t=1.0s [total elapsed 7.9min, n_rows=20]
    g=0 m=4 sigma=0.0 static_budgeted                cut=734 t=0.7s [total elapsed 7.9min, n_rows=21]
    g=0 m=4 sigma=0.0 random_budgeted                cut=750 t=0.5s [total elapsed 7.9min, n_rows=22]
    g=0 m=4 sigma=0.0 hebbian_frobenius              cut=722 t=54.7s [total elapsed 8.8min, n_rows=23]
    g=0 m=4 sigma=0.0 hybrid_frobenius               cut=722 t=53.2s [total elapsed 9.7min, n_rows=24]
    g=0 m=4 sigma=0.0 oracle_compensation            cut=760 t=2.8s [total elapsed 9.7min, n_rows=25]
    g=0 m=5 sigma=0.0 static_budgeted                cut=746 t=0.6s [total elapsed 9.7min, n_rows=26]
    g=0 m=5 sigma=0.0 random_budgeted                cut=751 t=0.5s [total elapsed 9.8min, n_rows=27]
    g=0 m=5 sigma=0.0 hebbian_frobenius              cut=715 t=42.8s [total elapsed 10.5min, n_rows=28]
    g=0 m=5 sigma=0.0 hybrid_frobenius               cut=715 t=43.0s [total elapsed 11.2min, n_rows=29]
    g=0 m=5 sigma=0.0 oracle_compensation            cut=760 t=1.1s [total elapsed 11.2min, n_rows=30]
    g=0 m=6 sigma=0.0 static_budgeted                cut=745 t=0.6s [total elapsed 11.2min, n_rows=31]
    g=0 m=6 sigma=0.0 random_budgeted                cut=759 t=0.5s [total elapsed 11.2min, n_rows=32]
    g=0 m=6 sigma=0.0 hebbian_frobenius              cut=745 t=62.3s [total elapsed 12.3min, n_rows=33]
    g=0 m=6 sigma=0.0 hybrid_frobenius               cut=745 t=62.6s [total elapsed 13.3min, n_rows=34]
    g=0 m=6 sigma=0.0 oracle_compensation            cut=750 t=0.9s [total elapsed 13.3min, n_rows=35]
    g=0 m=7 sigma=0.0 static_budgeted                cut=735 t=0.6s [total elapsed 13.3min, n_rows=36]
    g=0 m=7 sigma=0.0 random_budgeted                cut=759 t=0.6s [total elapsed 13.3min, n_rows=37]
    g=0 m=7 sigma=0.0 hebbian_frobenius              cut=725 t=57.5s [total elapsed 14.3min, n_rows=38]
    g=0 m=7 sigma=0.0 hybrid_frobenius               cut=725 t=56.7s [total elapsed 15.2min, n_rows=39]
    g=0 m=7 sigma=0.0 oracle_compensation            cut=759 t=1.0s [total elapsed 15.3min, n_rows=40]
    g=0 m=8 sigma=0.0 static_budgeted                cut=743 t=0.6s [total elapsed 15.3min, n_rows=41]
    g=0 m=8 sigma=0.0 random_budgeted                cut=746 t=0.5s [total elapsed 15.3min, n_rows=42]
    g=0 m=8 sigma=0.0 hebbian_frobenius              cut=715 t=27.3s [total elapsed 15.7min, n_rows=43]
    g=0 m=8 sigma=0.0 hybrid_frobenius               cut=715 t=27.8s [total elapsed 16.2min, n_rows=44]
    g=0 m=8 sigma=0.0 oracle_compensation            cut=755 t=1.0s [total elapsed 16.2min, n_rows=45]
    g=0 m=9 sigma=0.0 static_budgeted                cut=754 t=0.7s [total elapsed 16.2min, n_rows=46]
    g=0 m=9 sigma=0.0 random_budgeted                cut=756 t=0.5s [total elapsed 16.2min, n_rows=47]
    g=0 m=9 sigma=0.0 hebbian_frobenius              cut=711 t=25.2s [total elapsed 16.7min, n_rows=48]
    g=0 m=9 sigma=0.0 hybrid_frobenius               cut=711 t=24.0s [total elapsed 17.1min, n_rows=49]
    g=0 m=9 sigma=0.0 oracle_compensation            cut=760 t=1.0s [total elapsed 17.1min, n_rows=50]
    g=0 m=0 sigma=0.25 static_budgeted                cut=746 t=0.8s [total elapsed 17.1min, n_rows=51]
    g=0 m=0 sigma=0.25 random_budgeted                cut=752 t=0.6s [total elapsed 17.1min, n_rows=52]
    g=0 m=0 sigma=0.25 hebbian_frobenius              cut=737 t=95.0s [total elapsed 18.7min, n_rows=53]
    g=0 m=0 sigma=0.25 hybrid_frobenius               cut=737 t=94.4s [total elapsed 20.2min, n_rows=54]
    g=0 m=0 sigma=0.25 oracle_compensation            cut=748 t=1.0s [total elapsed 20.3min, n_rows=55]
    g=0 m=1 sigma=0.25 static_budgeted                cut=743 t=0.8s [total elapsed 20.3min, n_rows=56]
    g=0 m=1 sigma=0.25 random_budgeted                cut=746 t=2.5s [total elapsed 20.3min, n_rows=57]
    g=0 m=1 sigma=0.25 hebbian_frobenius              cut=719 t=86.3s [total elapsed 21.8min, n_rows=58]
    g=0 m=1 sigma=0.25 hybrid_frobenius               cut=719 t=89.5s [total elapsed 23.2min, n_rows=59]
    g=0 m=1 sigma=0.25 oracle_compensation            cut=758 t=1.1s [total elapsed 23.3min, n_rows=60]
    g=0 m=2 sigma=0.25 static_budgeted                cut=732 t=0.8s [total elapsed 23.3min, n_rows=61]
    g=0 m=2 sigma=0.25 random_budgeted                cut=753 t=0.6s [total elapsed 23.3min, n_rows=62]
    g=0 m=2 sigma=0.25 hebbian_frobenius              cut=745 t=40.1s [total elapsed 24.0min, n_rows=63]
    g=0 m=2 sigma=0.25 hybrid_frobenius               cut=745 t=42.4s [total elapsed 24.7min, n_rows=64]
    g=0 m=2 sigma=0.25 oracle_compensation            cut=765 t=1.0s [total elapsed 24.7min, n_rows=65]
    g=0 m=3 sigma=0.25 static_budgeted                cut=739 t=1.0s [total elapsed 24.7min, n_rows=66]
    g=0 m=3 sigma=0.25 random_budgeted                cut=750 t=0.7s [total elapsed 24.7min, n_rows=67]
    g=0 m=3 sigma=0.25 hebbian_frobenius              cut=721 t=95.7s [total elapsed 26.3min, n_rows=68]
    g=0 m=3 sigma=0.25 hybrid_frobenius               cut=719 t=95.1s [total elapsed 27.9min, n_rows=69]
    g=0 m=3 sigma=0.25 oracle_compensation            cut=753 t=1.1s [total elapsed 27.9min, n_rows=70]
    g=0 m=4 sigma=0.25 static_budgeted                cut=751 t=0.8s [total elapsed 27.9min, n_rows=71]
    g=0 m=4 sigma=0.25 random_budgeted                cut=757 t=0.8s [total elapsed 27.9min, n_rows=72]
    g=0 m=4 sigma=0.25 hebbian_frobenius              cut=710 t=67.9s [total elapsed 29.1min, n_rows=73]
    g=0 m=4 sigma=0.25 hybrid_frobenius               cut=710 t=68.0s [total elapsed 30.2min, n_rows=74]
    g=0 m=4 sigma=0.25 oracle_compensation            cut=761 t=0.9s [total elapsed 30.2min, n_rows=75]
    g=0 m=5 sigma=0.25 static_budgeted                cut=746 t=0.7s [total elapsed 30.2min, n_rows=76]
    g=0 m=5 sigma=0.25 random_budgeted                cut=743 t=0.6s [total elapsed 30.2min, n_rows=77]
    g=0 m=5 sigma=0.25 hebbian_frobenius              cut=749 t=31.7s [total elapsed 30.8min, n_rows=78]
    g=0 m=5 sigma=0.25 hybrid_frobenius               cut=749 t=32.4s [total elapsed 31.3min, n_rows=79]
    g=0 m=5 sigma=0.25 oracle_compensation            cut=762 t=1.0s [total elapsed 31.3min, n_rows=80]
    g=0 m=6 sigma=0.25 static_budgeted                cut=755 t=0.8s [total elapsed 31.3min, n_rows=81]
    g=0 m=6 sigma=0.25 random_budgeted                cut=759 t=0.6s [total elapsed 31.3min, n_rows=82]
    g=0 m=6 sigma=0.25 hebbian_frobenius              cut=762 t=29.9s [total elapsed 31.8min, n_rows=83]
    g=0 m=6 sigma=0.25 hybrid_frobenius               cut=762 t=29.9s [total elapsed 32.3min, n_rows=84]
    g=0 m=6 sigma=0.25 oracle_compensation            cut=760 t=1.0s [total elapsed 32.4min, n_rows=85]
    g=0 m=7 sigma=0.25 static_budgeted                cut=747 t=0.8s [total elapsed 32.4min, n_rows=86]
    g=0 m=7 sigma=0.25 random_budgeted                cut=747 t=0.8s [total elapsed 32.4min, n_rows=87]
    g=0 m=7 sigma=0.25 hebbian_frobenius              cut=705 t=35.1s [total elapsed 33.0min, n_rows=88]
    g=0 m=7 sigma=0.25 hybrid_frobenius               cut=705 t=38.5s [total elapsed 33.6min, n_rows=89]
    g=0 m=7 sigma=0.25 oracle_compensation            cut=747 t=1.3s [total elapsed 33.6min, n_rows=90]
    g=0 m=8 sigma=0.25 static_budgeted                cut=756 t=0.7s [total elapsed 33.6min, n_rows=91]
    g=0 m=8 sigma=0.25 random_budgeted                cut=752 t=0.6s [total elapsed 33.7min, n_rows=92]
    g=0 m=8 sigma=0.25 hebbian_frobenius              cut=725 t=41.3s [total elapsed 34.3min, n_rows=93]
    g=0 m=8 sigma=0.25 hybrid_frobenius               cut=725 t=41.3s [total elapsed 35.0min, n_rows=94]
    g=0 m=8 sigma=0.25 oracle_compensation            cut=758 t=1.0s [total elapsed 35.1min, n_rows=95]
    g=0 m=9 sigma=0.25 static_budgeted                cut=732 t=0.9s [total elapsed 35.1min, n_rows=96]
    g=0 m=9 sigma=0.25 random_budgeted                cut=763 t=0.6s [total elapsed 35.1min, n_rows=97]
    g=0 m=9 sigma=0.25 hebbian_frobenius              cut=709 t=18.6s [total elapsed 35.4min, n_rows=98]
    g=0 m=9 sigma=0.25 hybrid_frobenius               cut=709 t=19.6s [total elapsed 35.7min, n_rows=99]
    g=0 m=9 sigma=0.25 oracle_compensation            cut=757 t=1.2s [total elapsed 35.7min, n_rows=100]
    g=0 m=0 sigma=0.5 static_budgeted                cut=745 t=1.1s [total elapsed 35.8min, n_rows=101]
    g=0 m=0 sigma=0.5 random_budgeted                cut=751 t=0.8s [total elapsed 35.8min, n_rows=102]
    g=0 m=0 sigma=0.5 hebbian_frobenius              cut=705 t=91.6s [total elapsed 37.3min, n_rows=103]
    g=0 m=0 sigma=0.5 hybrid_frobenius               cut=705 t=95.1s [total elapsed 38.9min, n_rows=104]
    g=0 m=0 sigma=0.5 oracle_compensation            cut=754 t=1.1s [total elapsed 38.9min, n_rows=105]
    g=0 m=1 sigma=0.5 static_budgeted                cut=749 t=1.2s [total elapsed 38.9min, n_rows=106]
    g=0 m=1 sigma=0.5 random_budgeted                cut=746 t=1.2s [total elapsed 38.9min, n_rows=107]
    g=0 m=1 sigma=0.5 hebbian_frobenius              cut=721 t=52.8s [total elapsed 39.8min, n_rows=108]
    g=0 m=1 sigma=0.5 hybrid_frobenius               cut=721 t=55.3s [total elapsed 40.7min, n_rows=109]
    g=0 m=1 sigma=0.5 oracle_compensation            cut=749 t=1.1s [total elapsed 40.8min, n_rows=110]
    g=0 m=2 sigma=0.5 static_budgeted                cut=739 t=1.3s [total elapsed 40.8min, n_rows=111]
    g=0 m=2 sigma=0.5 random_budgeted                cut=744 t=0.9s [total elapsed 40.8min, n_rows=112]
    g=0 m=2 sigma=0.5 hebbian_frobenius              cut=724 t=77.1s [total elapsed 42.1min, n_rows=113]
    g=0 m=2 sigma=0.5 hybrid_frobenius               cut=724 t=76.6s [total elapsed 43.4min, n_rows=114]
    g=0 m=2 sigma=0.5 oracle_compensation            cut=744 t=1.1s [total elapsed 43.4min, n_rows=115]
    g=0 m=3 sigma=0.5 static_budgeted                cut=725 t=1.3s [total elapsed 43.4min, n_rows=116]
    g=0 m=3 sigma=0.5 random_budgeted                cut=752 t=0.9s [total elapsed 43.4min, n_rows=117]
    g=0 m=3 sigma=0.5 hebbian_frobenius              cut=736 t=78.9s [total elapsed 44.7min, n_rows=118]
    g=0 m=3 sigma=0.5 hybrid_frobenius               cut=736 t=77.2s [total elapsed 46.0min, n_rows=119]
    g=0 m=3 sigma=0.5 oracle_compensation            cut=739 t=1.0s [total elapsed 46.0min, n_rows=120]
    g=0 m=4 sigma=0.5 static_budgeted                cut=742 t=1.2s [total elapsed 46.0min, n_rows=121]
    g=0 m=4 sigma=0.5 random_budgeted                cut=744 t=1.3s [total elapsed 46.1min, n_rows=122]
    g=0 m=4 sigma=0.5 hebbian_frobenius              cut=718 t=38.8s [total elapsed 46.7min, n_rows=123]
    g=0 m=4 sigma=0.5 hybrid_frobenius               cut=718 t=42.4s [total elapsed 47.4min, n_rows=124]
    g=0 m=4 sigma=0.5 oracle_compensation            cut=739 t=1.0s [total elapsed 47.4min, n_rows=125]
    g=0 m=5 sigma=0.5 static_budgeted                cut=741 t=1.0s [total elapsed 47.5min, n_rows=126]
    g=0 m=5 sigma=0.5 random_budgeted                cut=748 t=0.9s [total elapsed 47.5min, n_rows=127]
    g=0 m=5 sigma=0.5 hebbian_frobenius              cut=728 t=91.0s [total elapsed 49.0min, n_rows=128]
    g=0 m=5 sigma=0.5 hybrid_frobenius               cut=730 t=89.1s [total elapsed 50.5min, n_rows=129]
    g=0 m=5 sigma=0.5 oracle_compensation            cut=763 t=1.2s [total elapsed 50.5min, n_rows=130]
    g=0 m=6 sigma=0.5 static_budgeted                cut=737 t=1.1s [total elapsed 50.5min, n_rows=131]
    g=0 m=6 sigma=0.5 random_budgeted                cut=760 t=2.7s [total elapsed 50.6min, n_rows=132]
    g=0 m=6 sigma=0.5 hebbian_frobenius              cut=762 t=23.0s [total elapsed 50.9min, n_rows=133]
    g=0 m=6 sigma=0.5 hybrid_frobenius               cut=762 t=25.4s [total elapsed 51.4min, n_rows=134]
    g=0 m=6 sigma=0.5 oracle_compensation            cut=753 t=1.0s [total elapsed 51.4min, n_rows=135]
    g=0 m=7 sigma=0.5 static_budgeted                cut=744 t=1.3s [total elapsed 51.4min, n_rows=136]
    g=0 m=7 sigma=0.5 random_budgeted                cut=745 t=1.5s [total elapsed 51.4min, n_rows=137]
    g=0 m=7 sigma=0.5 hebbian_frobenius              cut=712 t=43.2s [total elapsed 52.1min, n_rows=138]
    g=0 m=7 sigma=0.5 hybrid_frobenius               cut=712 t=42.5s [total elapsed 52.9min, n_rows=139]
    g=0 m=7 sigma=0.5 oracle_compensation            cut=750 t=1.1s [total elapsed 52.9min, n_rows=140]
    g=0 m=8 sigma=0.5 static_budgeted                cut=739 t=1.1s [total elapsed 52.9min, n_rows=141]
    g=0 m=8 sigma=0.5 random_budgeted                cut=755 t=1.1s [total elapsed 52.9min, n_rows=142]
    g=0 m=8 sigma=0.5 hebbian_frobenius              cut=724 t=91.6s [total elapsed 54.4min, n_rows=143]
    g=0 m=8 sigma=0.5 hybrid_frobenius               cut=724 t=91.3s [total elapsed 56.0min, n_rows=144]
    g=0 m=8 sigma=0.5 oracle_compensation            cut=758 t=1.1s [total elapsed 56.0min, n_rows=145]
    g=0 m=9 sigma=0.5 static_budgeted                cut=731 t=1.4s [total elapsed 56.0min, n_rows=146]
    g=0 m=9 sigma=0.5 random_budgeted                cut=750 t=1.1s [total elapsed 56.0min, n_rows=147]
    g=0 m=9 sigma=0.5 hebbian_frobenius              cut=734 t=46.9s [total elapsed 56.8min, n_rows=148]
    g=0 m=9 sigma=0.5 hybrid_frobenius               cut=734 t=48.7s [total elapsed 57.6min, n_rows=149]
    g=0 m=9 sigma=0.5 oracle_compensation            cut=744 t=1.2s [total elapsed 57.6min, n_rows=150]
    g=0 m=0 sigma=1.0 static_budgeted                cut=734 t=3.1s [total elapsed 57.7min, n_rows=151]
    g=0 m=0 sigma=1.0 random_budgeted                cut=741 t=1.9s [total elapsed 57.7min, n_rows=152]
    g=0 m=0 sigma=1.0 hebbian_frobenius              cut=742 t=92.8s [total elapsed 59.3min, n_rows=153]
    g=0 m=0 sigma=1.0 hybrid_frobenius               cut=735 t=93.7s [total elapsed 60.8min, n_rows=154]
    g=0 m=0 sigma=1.0 oracle_compensation            cut=748 t=1.6s [total elapsed 60.8min, n_rows=155]
    g=0 m=1 sigma=1.0 static_budgeted                cut=747 t=4.9s [total elapsed 60.9min, n_rows=156]
    g=0 m=1 sigma=1.0 random_budgeted                cut=736 t=5.1s [total elapsed 61.0min, n_rows=157]
    g=0 m=1 sigma=1.0 hebbian_frobenius              cut=727 t=87.8s [total elapsed 62.5min, n_rows=158]
    g=0 m=1 sigma=1.0 hybrid_frobenius               cut=727 t=92.0s [total elapsed 64.0min, n_rows=159]
    g=0 m=1 sigma=1.0 oracle_compensation            cut=758 t=1.5s [total elapsed 64.0min, n_rows=160]
    g=0 m=2 sigma=1.0 static_budgeted                cut=748 t=1.9s [total elapsed 64.1min, n_rows=161]
    g=0 m=2 sigma=1.0 random_budgeted                cut=748 t=1.9s [total elapsed 64.1min, n_rows=162]
    g=0 m=2 sigma=1.0 hebbian_frobenius              cut=730 t=89.8s [total elapsed 65.6min, n_rows=163]
    g=0 m=2 sigma=1.0 hybrid_frobenius               cut=730 t=92.5s [total elapsed 67.1min, n_rows=164]
    g=0 m=2 sigma=1.0 oracle_compensation            cut=751 t=1.2s [total elapsed 67.2min, n_rows=165]
    g=0 m=3 sigma=1.0 static_budgeted                cut=747 t=4.2s [total elapsed 67.2min, n_rows=166]
    g=0 m=3 sigma=1.0 random_budgeted                cut=735 t=2.9s [total elapsed 67.3min, n_rows=167]
    g=0 m=3 sigma=1.0 hebbian_frobenius              cut=722 t=91.2s [total elapsed 68.8min, n_rows=168]
    g=0 m=3 sigma=1.0 hybrid_frobenius               cut=726 t=91.2s [total elapsed 70.3min, n_rows=169]
    g=0 m=3 sigma=1.0 oracle_compensation            cut=740 t=1.9s [total elapsed 70.3min, n_rows=170]
    g=0 m=4 sigma=1.0 static_budgeted                cut=742 t=3.5s [total elapsed 70.4min, n_rows=171]
    g=0 m=4 sigma=1.0 random_budgeted                cut=749 t=5.5s [total elapsed 70.5min, n_rows=172]
    g=0 m=4 sigma=1.0 hebbian_frobenius              cut=725 t=88.2s [total elapsed 72.0min, n_rows=173]
    g=0 m=4 sigma=1.0 hybrid_frobenius               cut=725 t=93.7s [total elapsed 73.5min, n_rows=174]
    g=0 m=4 sigma=1.0 oracle_compensation            cut=731 t=1.4s [total elapsed 73.6min, n_rows=175]
    g=0 m=5 sigma=1.0 static_budgeted                cut=743 t=2.3s [total elapsed 73.6min, n_rows=176]
    g=0 m=5 sigma=1.0 random_budgeted                cut=748 t=1.9s [total elapsed 73.6min, n_rows=177]
    g=0 m=5 sigma=1.0 hebbian_frobenius              cut=730 t=81.6s [total elapsed 75.0min, n_rows=178]
    g=0 m=5 sigma=1.0 hybrid_frobenius               cut=727 t=83.3s [total elapsed 76.4min, n_rows=179]
    g=0 m=5 sigma=1.0 oracle_compensation            cut=734 t=1.3s [total elapsed 76.4min, n_rows=180]
    g=0 m=6 sigma=1.0 static_budgeted                cut=744 t=2.5s [total elapsed 76.4min, n_rows=181]
    g=0 m=6 sigma=1.0 random_budgeted                cut=756 t=2.0s [total elapsed 76.5min, n_rows=182]
    g=0 m=6 sigma=1.0 hebbian_frobenius              cut=726 t=89.2s [total elapsed 78.0min, n_rows=183]
    g=0 m=6 sigma=1.0 hybrid_frobenius               cut=735 t=90.4s [total elapsed 79.5min, n_rows=184]
    g=0 m=6 sigma=1.0 oracle_compensation            cut=763 t=1.3s [total elapsed 79.5min, n_rows=185]
    g=0 m=7 sigma=1.0 static_budgeted                cut=737 t=6.0s [total elapsed 79.6min, n_rows=186]
    g=0 m=7 sigma=1.0 random_budgeted                cut=732 t=8.0s [total elapsed 79.7min, n_rows=187]
    g=0 m=7 sigma=1.0 hebbian_frobenius              cut=729 t=48.1s [total elapsed 80.5min, n_rows=188]
    g=0 m=7 sigma=1.0 hybrid_frobenius               cut=729 t=51.4s [total elapsed 81.4min, n_rows=189]
    g=0 m=7 sigma=1.0 oracle_compensation            cut=731 t=1.4s [total elapsed 81.4min, n_rows=190]
    g=0 m=8 sigma=1.0 static_budgeted                cut=735 t=3.3s [total elapsed 81.5min, n_rows=191]
    g=0 m=8 sigma=1.0 random_budgeted                cut=746 t=3.6s [total elapsed 81.5min, n_rows=192]
    g=0 m=8 sigma=1.0 hebbian_frobenius              cut=699 t=87.9s [total elapsed 83.0min, n_rows=193]
    g=0 m=8 sigma=1.0 hybrid_frobenius               cut=711 t=89.8s [total elapsed 84.5min, n_rows=194]
    g=0 m=8 sigma=1.0 oracle_compensation            cut=723 t=1.3s [total elapsed 84.5min, n_rows=195]
    g=0 m=9 sigma=1.0 static_budgeted                cut=732 t=4.8s [total elapsed 84.6min, n_rows=196]
    g=0 m=9 sigma=1.0 random_budgeted                cut=755 t=3.7s [total elapsed 84.6min, n_rows=197]
    g=0 m=9 sigma=1.0 hebbian_frobenius              cut=729 t=72.5s [total elapsed 85.8min, n_rows=198]
    g=0 m=9 sigma=1.0 hybrid_frobenius               cut=729 t=74.8s [total elapsed 87.1min, n_rows=199]
    g=0 m=9 sigma=1.0 oracle_compensation            cut=752 t=1.4s [total elapsed 87.1min, n_rows=200]

Graph seed 1: n=200, m=1025, mean_deg=10.25, budget=5.12
    g=1 m=0 sigma=0.0 static_budgeted                cut=709 t=0.6s [total elapsed 88.1min, n_rows=201]
    g=1 m=0 sigma=0.0 random_budgeted                cut=713 t=0.6s [total elapsed 88.1min, n_rows=202]
    g=1 m=0 sigma=0.0 hebbian_frobenius              cut=687 t=17.8s [total elapsed 88.4min, n_rows=203]
    g=1 m=0 sigma=0.0 hybrid_frobenius               cut=687 t=18.6s [total elapsed 88.7min, n_rows=204]
    g=1 m=0 sigma=0.0 oracle_compensation            cut=721 t=1.0s [total elapsed 88.7min, n_rows=205]
    g=1 m=1 sigma=0.0 static_budgeted                cut=698 t=0.6s [total elapsed 88.7min, n_rows=206]
    g=1 m=1 sigma=0.0 random_budgeted                cut=717 t=0.6s [total elapsed 88.7min, n_rows=207]
    g=1 m=1 sigma=0.0 hebbian_frobenius              cut=705 t=93.2s [total elapsed 90.3min, n_rows=208]
    g=1 m=1 sigma=0.0 hybrid_frobenius               cut=701 t=91.5s [total elapsed 91.8min, n_rows=209]
    g=1 m=1 sigma=0.0 oracle_compensation            cut=724 t=0.9s [total elapsed 91.8min, n_rows=210]
    g=1 m=2 sigma=0.0 static_budgeted                cut=731 t=0.6s [total elapsed 91.8min, n_rows=211]
    g=1 m=2 sigma=0.0 random_budgeted                cut=723 t=0.5s [total elapsed 91.8min, n_rows=212]
    g=1 m=2 sigma=0.0 hebbian_frobenius              cut=700 t=50.1s [total elapsed 92.7min, n_rows=213]
    g=1 m=2 sigma=0.0 hybrid_frobenius               cut=700 t=51.6s [total elapsed 93.5min, n_rows=214]
    g=1 m=2 sigma=0.0 oracle_compensation            cut=729 t=0.9s [total elapsed 93.5min, n_rows=215]
    g=1 m=3 sigma=0.0 static_budgeted                cut=722 t=0.6s [total elapsed 93.5min, n_rows=216]
    g=1 m=3 sigma=0.0 random_budgeted                cut=724 t=0.5s [total elapsed 93.6min, n_rows=217]
    g=1 m=3 sigma=0.0 hebbian_frobenius              cut=684 t=70.7s [total elapsed 94.7min, n_rows=218]
    g=1 m=3 sigma=0.0 hybrid_frobenius               cut=684 t=73.9s [total elapsed 96.0min, n_rows=219]
    g=1 m=3 sigma=0.0 oracle_compensation            cut=730 t=1.1s [total elapsed 96.0min, n_rows=220]
    g=1 m=4 sigma=0.0 static_budgeted                cut=710 t=0.6s [total elapsed 96.0min, n_rows=221]
    g=1 m=4 sigma=0.0 random_budgeted                cut=734 t=0.5s [total elapsed 96.0min, n_rows=222]
    g=1 m=4 sigma=0.0 hebbian_frobenius              cut=694 t=68.5s [total elapsed 97.1min, n_rows=223]
    g=1 m=4 sigma=0.0 hybrid_frobenius               cut=694 t=70.1s [total elapsed 98.3min, n_rows=224]
    g=1 m=4 sigma=0.0 oracle_compensation            cut=730 t=1.0s [total elapsed 98.3min, n_rows=225]
    g=1 m=5 sigma=0.0 static_budgeted                cut=727 t=0.7s [total elapsed 98.3min, n_rows=226]
    g=1 m=5 sigma=0.0 random_budgeted                cut=725 t=0.5s [total elapsed 98.4min, n_rows=227]
    g=1 m=5 sigma=0.0 hebbian_frobenius              cut=708 t=97.1s [total elapsed 100.0min, n_rows=228]
    g=1 m=5 sigma=0.0 hybrid_frobenius               cut=708 t=101.2s [total elapsed 101.7min, n_rows=229]
    g=1 m=5 sigma=0.0 oracle_compensation            cut=730 t=1.2s [total elapsed 101.7min, n_rows=230]
    g=1 m=6 sigma=0.0 static_budgeted                cut=715 t=0.7s [total elapsed 101.7min, n_rows=231]
    g=1 m=6 sigma=0.0 random_budgeted                cut=727 t=0.6s [total elapsed 101.7min, n_rows=232]
    g=1 m=6 sigma=0.0 hebbian_frobenius              cut=705 t=93.9s [total elapsed 103.3min, n_rows=233]
    g=1 m=6 sigma=0.0 hybrid_frobenius               cut=707 t=94.7s [total elapsed 104.8min, n_rows=234]
    g=1 m=6 sigma=0.0 oracle_compensation            cut=731 t=1.0s [total elapsed 104.9min, n_rows=235]
    g=1 m=7 sigma=0.0 static_budgeted                cut=711 t=0.7s [total elapsed 104.9min, n_rows=236]
    g=1 m=7 sigma=0.0 random_budgeted                cut=716 t=0.6s [total elapsed 104.9min, n_rows=237]
    g=1 m=7 sigma=0.0 hebbian_frobenius              cut=700 t=79.3s [total elapsed 106.2min, n_rows=238]
    g=1 m=7 sigma=0.0 hybrid_frobenius               cut=700 t=76.8s [total elapsed 107.5min, n_rows=239]
    g=1 m=7 sigma=0.0 oracle_compensation            cut=730 t=1.1s [total elapsed 107.5min, n_rows=240]
    g=1 m=8 sigma=0.0 static_budgeted                cut=706 t=0.6s [total elapsed 107.5min, n_rows=241]
    g=1 m=8 sigma=0.0 random_budgeted                cut=711 t=0.5s [total elapsed 107.5min, n_rows=242]
    g=1 m=8 sigma=0.0 hebbian_frobenius              cut=700 t=26.5s [total elapsed 108.0min, n_rows=243]
    g=1 m=8 sigma=0.0 hybrid_frobenius               cut=700 t=27.5s [total elapsed 108.4min, n_rows=244]
    g=1 m=8 sigma=0.0 oracle_compensation            cut=727 t=1.0s [total elapsed 108.4min, n_rows=245]
    g=1 m=9 sigma=0.0 static_budgeted                cut=710 t=0.7s [total elapsed 108.4min, n_rows=246]
    g=1 m=9 sigma=0.0 random_budgeted                cut=710 t=0.6s [total elapsed 108.5min, n_rows=247]
    g=1 m=9 sigma=0.0 hebbian_frobenius              cut=687 t=90.3s [total elapsed 110.0min, n_rows=248]
    g=1 m=9 sigma=0.0 hybrid_frobenius               cut=695 t=91.1s [total elapsed 111.5min, n_rows=249]
    g=1 m=9 sigma=0.0 oracle_compensation            cut=730 t=1.2s [total elapsed 111.5min, n_rows=250]
    g=1 m=0 sigma=0.25 static_budgeted                cut=719 t=0.8s [total elapsed 111.5min, n_rows=251]
    g=1 m=0 sigma=0.25 random_budgeted                cut=726 t=0.8s [total elapsed 111.5min, n_rows=252]
    g=1 m=0 sigma=0.25 hebbian_frobenius              cut=686 t=43.1s [total elapsed 112.2min, n_rows=253]
    g=1 m=0 sigma=0.25 hybrid_frobenius               cut=686 t=43.9s [total elapsed 113.0min, n_rows=254]
    g=1 m=0 sigma=0.25 oracle_compensation            cut=726 t=1.1s [total elapsed 113.0min, n_rows=255]
    g=1 m=1 sigma=0.25 static_budgeted                cut=717 t=0.8s [total elapsed 113.0min, n_rows=256]
    g=1 m=1 sigma=0.25 random_budgeted                cut=722 t=0.6s [total elapsed 113.0min, n_rows=257]
    g=1 m=1 sigma=0.25 hebbian_frobenius              cut=701 t=76.7s [total elapsed 114.3min, n_rows=258]
    g=1 m=1 sigma=0.25 hybrid_frobenius               cut=701 t=76.4s [total elapsed 115.6min, n_rows=259]
    g=1 m=1 sigma=0.25 oracle_compensation            cut=724 t=1.0s [total elapsed 115.6min, n_rows=260]
    g=1 m=2 sigma=0.25 static_budgeted                cut=728 t=0.8s [total elapsed 115.6min, n_rows=261]
    g=1 m=2 sigma=0.25 random_budgeted                cut=725 t=0.7s [total elapsed 115.6min, n_rows=262]
    g=1 m=2 sigma=0.25 hebbian_frobenius              cut=708 t=29.1s [total elapsed 116.1min, n_rows=263]
    g=1 m=2 sigma=0.25 hybrid_frobenius               cut=708 t=30.0s [total elapsed 116.6min, n_rows=264]
    g=1 m=2 sigma=0.25 oracle_compensation            cut=729 t=1.0s [total elapsed 116.6min, n_rows=265]
    g=1 m=3 sigma=0.25 static_budgeted                cut=707 t=0.9s [total elapsed 116.6min, n_rows=266]
    g=1 m=3 sigma=0.25 random_budgeted                cut=731 t=0.7s [total elapsed 116.6min, n_rows=267]
    g=1 m=3 sigma=0.25 hebbian_frobenius              cut=709 t=27.5s [total elapsed 117.1min, n_rows=268]
    g=1 m=3 sigma=0.25 hybrid_frobenius               cut=709 t=27.9s [total elapsed 117.6min, n_rows=269]
    g=1 m=3 sigma=0.25 oracle_compensation            cut=728 t=1.2s [total elapsed 117.6min, n_rows=270]
    g=1 m=4 sigma=0.25 static_budgeted                cut=720 t=0.8s [total elapsed 117.6min, n_rows=271]
    g=1 m=4 sigma=0.25 random_budgeted                cut=724 t=0.6s [total elapsed 117.6min, n_rows=272]
    g=1 m=4 sigma=0.25 hebbian_frobenius              cut=696 t=89.6s [total elapsed 119.1min, n_rows=273]
    g=1 m=4 sigma=0.25 hybrid_frobenius               cut=696 t=89.0s [total elapsed 120.6min, n_rows=274]
    g=1 m=4 sigma=0.25 oracle_compensation            cut=730 t=1.0s [total elapsed 120.6min, n_rows=275]
    g=1 m=5 sigma=0.25 static_budgeted                cut=718 t=0.7s [total elapsed 120.6min, n_rows=276]
    g=1 m=5 sigma=0.25 random_budgeted                cut=724 t=0.7s [total elapsed 120.6min, n_rows=277]
    g=1 m=5 sigma=0.25 hebbian_frobenius              cut=696 t=74.4s [total elapsed 121.9min, n_rows=278]
    g=1 m=5 sigma=0.25 hybrid_frobenius               cut=696 t=75.1s [total elapsed 123.1min, n_rows=279]
    g=1 m=5 sigma=0.25 oracle_compensation            cut=723 t=1.1s [total elapsed 123.1min, n_rows=280]
    g=1 m=6 sigma=0.25 static_budgeted                cut=719 t=0.7s [total elapsed 123.1min, n_rows=281]
    g=1 m=6 sigma=0.25 random_budgeted                cut=728 t=0.7s [total elapsed 123.2min, n_rows=282]
    g=1 m=6 sigma=0.25 hebbian_frobenius              cut=707 t=36.1s [total elapsed 123.8min, n_rows=283]
    g=1 m=6 sigma=0.25 hybrid_frobenius               cut=707 t=35.7s [total elapsed 124.3min, n_rows=284]
    g=1 m=6 sigma=0.25 oracle_compensation            cut=726 t=1.1s [total elapsed 124.4min, n_rows=285]
    g=1 m=7 sigma=0.25 static_budgeted                cut=706 t=0.8s [total elapsed 124.4min, n_rows=286]
    g=1 m=7 sigma=0.25 random_budgeted                cut=717 t=0.7s [total elapsed 124.4min, n_rows=287]
    g=1 m=7 sigma=0.25 hebbian_frobenius              cut=682 t=27.9s [total elapsed 124.9min, n_rows=288]
    g=1 m=7 sigma=0.25 hybrid_frobenius               cut=682 t=28.5s [total elapsed 125.3min, n_rows=289]
    g=1 m=7 sigma=0.25 oracle_compensation            cut=732 t=1.2s [total elapsed 125.4min, n_rows=290]
    g=1 m=8 sigma=0.25 static_budgeted                cut=712 t=0.8s [total elapsed 125.4min, n_rows=291]
    g=1 m=8 sigma=0.25 random_budgeted                cut=711 t=0.6s [total elapsed 125.4min, n_rows=292]
    g=1 m=8 sigma=0.25 hebbian_frobenius              cut=706 t=86.8s [total elapsed 126.8min, n_rows=293]
    g=1 m=8 sigma=0.25 hybrid_frobenius               cut=703 t=87.7s [total elapsed 128.3min, n_rows=294]
    g=1 m=8 sigma=0.25 oracle_compensation            cut=727 t=1.2s [total elapsed 128.3min, n_rows=295]
    g=1 m=9 sigma=0.25 static_budgeted                cut=700 t=0.8s [total elapsed 128.3min, n_rows=296]
    g=1 m=9 sigma=0.25 random_budgeted                cut=723 t=0.6s [total elapsed 128.3min, n_rows=297]
    g=1 m=9 sigma=0.25 hebbian_frobenius              cut=691 t=83.4s [total elapsed 129.7min, n_rows=298]
    g=1 m=9 sigma=0.25 hybrid_frobenius               cut=691 t=84.0s [total elapsed 131.1min, n_rows=299]
    g=1 m=9 sigma=0.25 oracle_compensation            cut=727 t=1.0s [total elapsed 131.1min, n_rows=300]
    g=1 m=0 sigma=0.5 static_budgeted                cut=716 t=1.3s [total elapsed 131.2min, n_rows=301]
    g=1 m=0 sigma=0.5 random_budgeted                cut=717 t=1.0s [total elapsed 131.2min, n_rows=302]
    g=1 m=0 sigma=0.5 hebbian_frobenius              cut=693 t=81.7s [total elapsed 132.5min, n_rows=303]
    g=1 m=0 sigma=0.5 hybrid_frobenius               cut=693 t=82.4s [total elapsed 133.9min, n_rows=304]
    g=1 m=0 sigma=0.5 oracle_compensation            cut=728 t=1.3s [total elapsed 133.9min, n_rows=305]
    g=1 m=1 sigma=0.5 static_budgeted                cut=717 t=1.2s [total elapsed 134.0min, n_rows=306]
    g=1 m=1 sigma=0.5 random_budgeted                cut=709 t=1.0s [total elapsed 134.0min, n_rows=307]
    g=1 m=1 sigma=0.5 hebbian_frobenius              cut=703 t=47.4s [total elapsed 134.8min, n_rows=308]
    g=1 m=1 sigma=0.5 hybrid_frobenius               cut=703 t=48.0s [total elapsed 135.6min, n_rows=309]
    g=1 m=1 sigma=0.5 oracle_compensation            cut=731 t=1.1s [total elapsed 135.6min, n_rows=310]
    g=1 m=2 sigma=0.5 static_budgeted                cut=721 t=1.8s [total elapsed 135.6min, n_rows=311]
    g=1 m=2 sigma=0.5 random_budgeted                cut=706 t=1.3s [total elapsed 135.6min, n_rows=312]
    g=1 m=2 sigma=0.5 hebbian_frobenius              cut=699 t=88.8s [total elapsed 137.1min, n_rows=313]
    g=1 m=2 sigma=0.5 hybrid_frobenius               cut=700 t=89.5s [total elapsed 138.6min, n_rows=314]
    g=1 m=2 sigma=0.5 oracle_compensation            cut=726 t=1.3s [total elapsed 138.6min, n_rows=315]
    g=1 m=3 sigma=0.5 static_budgeted                cut=719 t=1.3s [total elapsed 138.6min, n_rows=316]
    g=1 m=3 sigma=0.5 random_budgeted                cut=716 t=1.2s [total elapsed 138.7min, n_rows=317]
    g=1 m=3 sigma=0.5 hebbian_frobenius              cut=708 t=37.4s [total elapsed 139.3min, n_rows=318]
    g=1 m=3 sigma=0.5 hybrid_frobenius               cut=708 t=38.9s [total elapsed 139.9min, n_rows=319]
    g=1 m=3 sigma=0.5 oracle_compensation            cut=731 t=1.3s [total elapsed 140.0min, n_rows=320]
    g=1 m=4 sigma=0.5 static_budgeted                cut=722 t=1.3s [total elapsed 140.0min, n_rows=321]
    g=1 m=4 sigma=0.5 random_budgeted                cut=714 t=1.0s [total elapsed 140.0min, n_rows=322]
    g=1 m=4 sigma=0.5 hebbian_frobenius              cut=703 t=90.7s [total elapsed 141.5min, n_rows=323]
    g=1 m=4 sigma=0.5 hybrid_frobenius               cut=703 t=90.9s [total elapsed 143.0min, n_rows=324]
    g=1 m=4 sigma=0.5 oracle_compensation            cut=723 t=1.3s [total elapsed 143.0min, n_rows=325]
    g=1 m=5 sigma=0.5 static_budgeted                cut=721 t=1.1s [total elapsed 143.1min, n_rows=326]
    g=1 m=5 sigma=0.5 random_budgeted                cut=720 t=1.0s [total elapsed 143.1min, n_rows=327]
    g=1 m=5 sigma=0.5 hebbian_frobenius              cut=688 t=61.3s [total elapsed 144.1min, n_rows=328]
    g=1 m=5 sigma=0.5 hybrid_frobenius               cut=705 t=61.6s [total elapsed 145.1min, n_rows=329]
    g=1 m=5 sigma=0.5 oracle_compensation            cut=714 t=1.2s [total elapsed 145.1min, n_rows=330]
    g=1 m=6 sigma=0.5 static_budgeted                cut=713 t=0.9s [total elapsed 145.2min, n_rows=331]
    g=1 m=6 sigma=0.5 random_budgeted                cut=723 t=1.0s [total elapsed 145.2min, n_rows=332]
    g=1 m=6 sigma=0.5 hebbian_frobenius              cut=708 t=45.0s [total elapsed 145.9min, n_rows=333]
    g=1 m=6 sigma=0.5 hybrid_frobenius               cut=708 t=46.0s [total elapsed 146.7min, n_rows=334]
    g=1 m=6 sigma=0.5 oracle_compensation            cut=718 t=1.1s [total elapsed 146.7min, n_rows=335]
    g=1 m=7 sigma=0.5 static_budgeted                cut=703 t=1.2s [total elapsed 146.7min, n_rows=336]
    g=1 m=7 sigma=0.5 random_budgeted                cut=717 t=1.2s [total elapsed 146.7min, n_rows=337]
    g=1 m=7 sigma=0.5 hebbian_frobenius              cut=684 t=57.6s [total elapsed 147.7min, n_rows=338]
    g=1 m=7 sigma=0.5 hybrid_frobenius               cut=684 t=60.2s [total elapsed 148.7min, n_rows=339]
    g=1 m=7 sigma=0.5 oracle_compensation            cut=725 t=1.2s [total elapsed 148.7min, n_rows=340]
    g=1 m=8 sigma=0.5 static_budgeted                cut=705 t=1.4s [total elapsed 148.8min, n_rows=341]
    g=1 m=8 sigma=0.5 random_budgeted                cut=715 t=1.2s [total elapsed 148.8min, n_rows=342]
    g=1 m=8 sigma=0.5 hebbian_frobenius              cut=696 t=83.4s [total elapsed 150.2min, n_rows=343]
    g=1 m=8 sigma=0.5 hybrid_frobenius               cut=702 t=85.6s [total elapsed 151.6min, n_rows=344]
    g=1 m=8 sigma=0.5 oracle_compensation            cut=725 t=1.2s [total elapsed 151.6min, n_rows=345]
    g=1 m=9 sigma=0.5 static_budgeted                cut=715 t=1.1s [total elapsed 151.6min, n_rows=346]
    g=1 m=9 sigma=0.5 random_budgeted                cut=713 t=0.8s [total elapsed 151.6min, n_rows=347]
    g=1 m=9 sigma=0.5 hebbian_frobenius              cut=693 t=32.9s [total elapsed 152.2min, n_rows=348]
    g=1 m=9 sigma=0.5 hybrid_frobenius               cut=693 t=34.2s [total elapsed 152.8min, n_rows=349]
    g=1 m=9 sigma=0.5 oracle_compensation            cut=722 t=1.2s [total elapsed 152.8min, n_rows=350]
    g=1 m=0 sigma=1.0 static_budgeted                cut=701 t=2.1s [total elapsed 152.8min, n_rows=351]
    g=1 m=0 sigma=1.0 random_budgeted                cut=718 t=2.0s [total elapsed 152.9min, n_rows=352]
    g=1 m=0 sigma=1.0 hebbian_frobenius              cut=696 t=51.0s [total elapsed 153.7min, n_rows=353]
    g=1 m=0 sigma=1.0 hybrid_frobenius               cut=689 t=51.6s [total elapsed 154.6min, n_rows=354]
    g=1 m=0 sigma=1.0 oracle_compensation            cut=707 t=1.5s [total elapsed 154.6min, n_rows=355]
    g=1 m=1 sigma=1.0 static_budgeted                cut=719 t=2.5s [total elapsed 154.6min, n_rows=356]
    g=1 m=1 sigma=1.0 random_budgeted                cut=714 t=2.1s [total elapsed 154.7min, n_rows=357]
    g=1 m=1 sigma=1.0 hebbian_frobenius              cut=697 t=67.3s [total elapsed 155.8min, n_rows=358]
    g=1 m=1 sigma=1.0 hybrid_frobenius               cut=697 t=69.0s [total elapsed 156.9min, n_rows=359]
    g=1 m=1 sigma=1.0 oracle_compensation            cut=703 t=1.2s [total elapsed 157.0min, n_rows=360]
    g=1 m=2 sigma=1.0 static_budgeted                cut=713 t=5.9s [total elapsed 157.1min, n_rows=361]
    g=1 m=2 sigma=1.0 random_budgeted                cut=708 t=4.9s [total elapsed 157.1min, n_rows=362]
    g=1 m=2 sigma=1.0 hebbian_frobenius              cut=713 t=86.5s [total elapsed 158.6min, n_rows=363]
    g=1 m=2 sigma=1.0 hybrid_frobenius               cut=713 t=88.9s [total elapsed 160.1min, n_rows=364]
    g=1 m=2 sigma=1.0 oracle_compensation            cut=708 t=1.6s [total elapsed 160.1min, n_rows=365]
    g=1 m=3 sigma=1.0 static_budgeted                cut=712 t=3.7s [total elapsed 160.1min, n_rows=366]
    g=1 m=3 sigma=1.0 random_budgeted                cut=718 t=3.1s [total elapsed 160.2min, n_rows=367]
    g=1 m=3 sigma=1.0 hebbian_frobenius              cut=701 t=86.1s [total elapsed 161.6min, n_rows=368]
    g=1 m=3 sigma=1.0 hybrid_frobenius               cut=706 t=88.6s [total elapsed 163.1min, n_rows=369]
    g=1 m=3 sigma=1.0 oracle_compensation            cut=717 t=1.4s [total elapsed 163.1min, n_rows=370]
    g=1 m=4 sigma=1.0 static_budgeted                cut=708 t=2.6s [total elapsed 163.2min, n_rows=371]
    g=1 m=4 sigma=1.0 random_budgeted                cut=718 t=2.1s [total elapsed 163.2min, n_rows=372]
    g=1 m=4 sigma=1.0 hebbian_frobenius              cut=691 t=84.9s [total elapsed 164.6min, n_rows=373]
    g=1 m=4 sigma=1.0 hybrid_frobenius               cut=691 t=86.3s [total elapsed 166.1min, n_rows=374]
    g=1 m=4 sigma=1.0 oracle_compensation            cut=708 t=1.3s [total elapsed 166.1min, n_rows=375]
    g=1 m=5 sigma=1.0 static_budgeted                cut=708 t=2.5s [total elapsed 166.1min, n_rows=376]
    g=1 m=5 sigma=1.0 random_budgeted                cut=701 t=2.5s [total elapsed 166.2min, n_rows=377]
    g=1 m=5 sigma=1.0 hebbian_frobenius              cut=692 t=87.2s [total elapsed 167.6min, n_rows=378]
    g=1 m=5 sigma=1.0 hybrid_frobenius               cut=692 t=89.5s [total elapsed 169.1min, n_rows=379]
    g=1 m=5 sigma=1.0 oracle_compensation            cut=705 t=1.3s [total elapsed 169.1min, n_rows=380]
    g=1 m=6 sigma=1.0 static_budgeted                cut=706 t=2.7s [total elapsed 169.2min, n_rows=381]
    g=1 m=6 sigma=1.0 random_budgeted                cut=710 t=2.2s [total elapsed 169.2min, n_rows=382]
    g=1 m=6 sigma=1.0 hebbian_frobenius              cut=693 t=82.5s [total elapsed 170.6min, n_rows=383]
    g=1 m=6 sigma=1.0 hybrid_frobenius               cut=693 t=84.8s [total elapsed 172.0min, n_rows=384]
    g=1 m=6 sigma=1.0 oracle_compensation            cut=710 t=1.3s [total elapsed 172.0min, n_rows=385]
    g=1 m=7 sigma=1.0 static_budgeted                cut=717 t=4.6s [total elapsed 172.1min, n_rows=386]
    g=1 m=7 sigma=1.0 random_budgeted                cut=714 t=4.1s [total elapsed 172.2min, n_rows=387]
    g=1 m=7 sigma=1.0 hebbian_frobenius              cut=686 t=89.7s [total elapsed 173.7min, n_rows=388]
    g=1 m=7 sigma=1.0 hybrid_frobenius               cut=686 t=93.1s [total elapsed 175.2min, n_rows=389]
    g=1 m=7 sigma=1.0 oracle_compensation            cut=711 t=1.3s [total elapsed 175.2min, n_rows=390]
    g=1 m=8 sigma=1.0 static_budgeted                cut=718 t=5.2s [total elapsed 175.3min, n_rows=391]
    g=1 m=8 sigma=1.0 random_budgeted                cut=711 t=3.4s [total elapsed 175.4min, n_rows=392]
    g=1 m=8 sigma=1.0 hebbian_frobenius              cut=697 t=85.7s [total elapsed 176.8min, n_rows=393]
    g=1 m=8 sigma=1.0 hybrid_frobenius               cut=694 t=88.5s [total elapsed 178.3min, n_rows=394]
    g=1 m=8 sigma=1.0 oracle_compensation            cut=711 t=1.7s [total elapsed 178.3min, n_rows=395]
    g=1 m=9 sigma=1.0 static_budgeted                cut=704 t=2.4s [total elapsed 178.4min, n_rows=396]
    g=1 m=9 sigma=1.0 random_budgeted                cut=711 t=1.4s [total elapsed 178.4min, n_rows=397]
    g=1 m=9 sigma=1.0 hebbian_frobenius              cut=705 t=60.1s [total elapsed 179.4min, n_rows=398]
    g=1 m=9 sigma=1.0 hybrid_frobenius               cut=703 t=61.5s [total elapsed 180.4min, n_rows=399]
    g=1 m=9 sigma=1.0 oracle_compensation            cut=708 t=1.6s [total elapsed 180.4min, n_rows=400]

Graph seed 2: n=200, m=996, mean_deg=9.96, budget=4.98
    g=2 m=0 sigma=0.0 static_budgeted                cut=703 t=0.6s [total elapsed 181.7min, n_rows=401]
    g=2 m=0 sigma=0.0 random_budgeted                cut=702 t=0.5s [total elapsed 181.7min, n_rows=402]
    g=2 m=0 sigma=0.0 hebbian_frobenius              cut=696 t=35.3s [total elapsed 182.3min, n_rows=403]
    g=2 m=0 sigma=0.0 hybrid_frobenius               cut=696 t=35.5s [total elapsed 182.9min, n_rows=404]
    g=2 m=0 sigma=0.0 oracle_compensation            cut=716 t=1.0s [total elapsed 182.9min, n_rows=405]
    g=2 m=1 sigma=0.0 static_budgeted                cut=702 t=0.6s [total elapsed 182.9min, n_rows=406]
    g=2 m=1 sigma=0.0 random_budgeted                cut=701 t=0.5s [total elapsed 182.9min, n_rows=407]
    g=2 m=1 sigma=0.0 hebbian_frobenius              cut=697 t=52.8s [total elapsed 183.8min, n_rows=408]
    g=2 m=1 sigma=0.0 hybrid_frobenius               cut=697 t=52.1s [total elapsed 184.7min, n_rows=409]
    g=2 m=1 sigma=0.0 oracle_compensation            cut=700 t=1.0s [total elapsed 184.7min, n_rows=410]
    g=2 m=2 sigma=0.0 static_budgeted                cut=696 t=0.6s [total elapsed 184.7min, n_rows=411]
    g=2 m=2 sigma=0.0 random_budgeted                cut=704 t=0.5s [total elapsed 184.7min, n_rows=412]
    g=2 m=2 sigma=0.0 hebbian_frobenius              cut=678 t=88.1s [total elapsed 186.2min, n_rows=413]
    g=2 m=2 sigma=0.0 hybrid_frobenius               cut=678 t=88.1s [total elapsed 187.7min, n_rows=414]
    g=2 m=2 sigma=0.0 oracle_compensation            cut=720 t=1.0s [total elapsed 187.7min, n_rows=415]
    g=2 m=3 sigma=0.0 static_budgeted                cut=706 t=0.6s [total elapsed 187.7min, n_rows=416]
    g=2 m=3 sigma=0.0 random_budgeted                cut=710 t=0.6s [total elapsed 187.7min, n_rows=417]
    g=2 m=3 sigma=0.0 hebbian_frobenius              cut=689 t=25.8s [total elapsed 188.1min, n_rows=418]
    g=2 m=3 sigma=0.0 hybrid_frobenius               cut=689 t=26.8s [total elapsed 188.6min, n_rows=419]
    g=2 m=3 sigma=0.0 oracle_compensation            cut=720 t=1.0s [total elapsed 188.6min, n_rows=420]
    g=2 m=4 sigma=0.0 static_budgeted                cut=708 t=0.7s [total elapsed 188.6min, n_rows=421]
    g=2 m=4 sigma=0.0 random_budgeted                cut=715 t=0.6s [total elapsed 188.6min, n_rows=422]
    g=2 m=4 sigma=0.0 hebbian_frobenius              cut=681 t=41.2s [total elapsed 189.3min, n_rows=423]
    g=2 m=4 sigma=0.0 hybrid_frobenius               cut=681 t=41.6s [total elapsed 190.0min, n_rows=424]
    g=2 m=4 sigma=0.0 oracle_compensation            cut=711 t=1.0s [total elapsed 190.0min, n_rows=425]
    g=2 m=5 sigma=0.0 static_budgeted                cut=692 t=0.7s [total elapsed 190.0min, n_rows=426]
    g=2 m=5 sigma=0.0 random_budgeted                cut=696 t=0.5s [total elapsed 190.0min, n_rows=427]
    g=2 m=5 sigma=0.0 hebbian_frobenius              cut=703 t=24.8s [total elapsed 190.5min, n_rows=428]
    g=2 m=5 sigma=0.0 hybrid_frobenius               cut=703 t=24.8s [total elapsed 190.9min, n_rows=429]
    g=2 m=5 sigma=0.0 oracle_compensation            cut=713 t=0.9s [total elapsed 190.9min, n_rows=430]
    g=2 m=6 sigma=0.0 static_budgeted                cut=705 t=0.6s [total elapsed 190.9min, n_rows=431]
    g=2 m=6 sigma=0.0 random_budgeted                cut=709 t=0.5s [total elapsed 190.9min, n_rows=432]
    g=2 m=6 sigma=0.0 hebbian_frobenius              cut=684 t=58.4s [total elapsed 191.9min, n_rows=433]
    g=2 m=6 sigma=0.0 hybrid_frobenius               cut=684 t=58.5s [total elapsed 192.8min, n_rows=434]
    g=2 m=6 sigma=0.0 oracle_compensation            cut=720 t=0.9s [total elapsed 192.9min, n_rows=435]
    g=2 m=7 sigma=0.0 static_budgeted                cut=704 t=0.7s [total elapsed 192.9min, n_rows=436]
    g=2 m=7 sigma=0.0 random_budgeted                cut=706 t=0.5s [total elapsed 192.9min, n_rows=437]
    g=2 m=7 sigma=0.0 hebbian_frobenius              cut=679 t=87.3s [total elapsed 194.3min, n_rows=438]
    g=2 m=7 sigma=0.0 hybrid_frobenius               cut=679 t=86.7s [total elapsed 195.8min, n_rows=439]
    g=2 m=7 sigma=0.0 oracle_compensation            cut=709 t=0.9s [total elapsed 195.8min, n_rows=440]
    g=2 m=8 sigma=0.0 static_budgeted                cut=690 t=0.6s [total elapsed 195.8min, n_rows=441]
    g=2 m=8 sigma=0.0 random_budgeted                cut=705 t=0.5s [total elapsed 195.8min, n_rows=442]
    g=2 m=8 sigma=0.0 hebbian_frobenius              cut=678 t=19.2s [total elapsed 196.1min, n_rows=443]
    g=2 m=8 sigma=0.0 hybrid_frobenius               cut=678 t=19.3s [total elapsed 196.5min, n_rows=444]
    g=2 m=8 sigma=0.0 oracle_compensation            cut=712 t=1.0s [total elapsed 196.5min, n_rows=445]
    g=2 m=9 sigma=0.0 static_budgeted                cut=709 t=0.5s [total elapsed 196.5min, n_rows=446]
    g=2 m=9 sigma=0.0 random_budgeted                cut=705 t=0.5s [total elapsed 196.5min, n_rows=447]
    g=2 m=9 sigma=0.0 hebbian_frobenius              cut=666 t=85.6s [total elapsed 197.9min, n_rows=448]
    g=2 m=9 sigma=0.0 hybrid_frobenius               cut=674 t=86.6s [total elapsed 199.4min, n_rows=449]
    g=2 m=9 sigma=0.0 oracle_compensation            cut=714 t=0.9s [total elapsed 199.4min, n_rows=450]
    g=2 m=0 sigma=0.25 static_budgeted                cut=699 t=0.7s [total elapsed 199.4min, n_rows=451]
    g=2 m=0 sigma=0.25 random_budgeted                cut=694 t=0.6s [total elapsed 199.4min, n_rows=452]
    g=2 m=0 sigma=0.25 hebbian_frobenius              cut=673 t=67.2s [total elapsed 200.5min, n_rows=453]
    g=2 m=0 sigma=0.25 hybrid_frobenius               cut=673 t=67.8s [total elapsed 201.6min, n_rows=454]
    g=2 m=0 sigma=0.25 oracle_compensation            cut=714 t=1.0s [total elapsed 201.7min, n_rows=455]
    g=2 m=1 sigma=0.25 static_budgeted                cut=703 t=0.7s [total elapsed 201.7min, n_rows=456]
    g=2 m=1 sigma=0.25 random_budgeted                cut=694 t=0.6s [total elapsed 201.7min, n_rows=457]
    g=2 m=1 sigma=0.25 hebbian_frobenius              cut=683 t=24.7s [total elapsed 202.1min, n_rows=458]
    g=2 m=1 sigma=0.25 hybrid_frobenius               cut=683 t=25.2s [total elapsed 202.5min, n_rows=459]
    g=2 m=1 sigma=0.25 oracle_compensation            cut=710 t=1.1s [total elapsed 202.5min, n_rows=460]
    g=2 m=2 sigma=0.25 static_budgeted                cut=693 t=0.7s [total elapsed 202.5min, n_rows=461]
    g=2 m=2 sigma=0.25 random_budgeted                cut=696 t=0.6s [total elapsed 202.6min, n_rows=462]
    g=2 m=2 sigma=0.25 hebbian_frobenius              cut=685 t=37.9s [total elapsed 203.2min, n_rows=463]
    g=2 m=2 sigma=0.25 hybrid_frobenius               cut=685 t=38.8s [total elapsed 203.8min, n_rows=464]
    g=2 m=2 sigma=0.25 oracle_compensation            cut=708 t=1.1s [total elapsed 203.9min, n_rows=465]
    g=2 m=3 sigma=0.25 static_budgeted                cut=697 t=0.7s [total elapsed 203.9min, n_rows=466]
    g=2 m=3 sigma=0.25 random_budgeted                cut=717 t=0.7s [total elapsed 203.9min, n_rows=467]
    g=2 m=3 sigma=0.25 hebbian_frobenius              cut=667 t=86.4s [total elapsed 205.3min, n_rows=468]
    g=2 m=3 sigma=0.25 hybrid_frobenius               cut=664 t=87.3s [total elapsed 206.8min, n_rows=469]
    g=2 m=3 sigma=0.25 oracle_compensation            cut=714 t=1.2s [total elapsed 206.8min, n_rows=470]
    g=2 m=4 sigma=0.25 static_budgeted                cut=703 t=0.7s [total elapsed 206.8min, n_rows=471]
    g=2 m=4 sigma=0.25 random_budgeted                cut=701 t=0.6s [total elapsed 206.8min, n_rows=472]
    g=2 m=4 sigma=0.25 hebbian_frobenius              cut=673 t=37.4s [total elapsed 207.4min, n_rows=473]
    g=2 m=4 sigma=0.25 hybrid_frobenius               cut=673 t=37.9s [total elapsed 208.1min, n_rows=474]
    g=2 m=4 sigma=0.25 oracle_compensation            cut=700 t=1.1s [total elapsed 208.1min, n_rows=475]
    g=2 m=5 sigma=0.25 static_budgeted                cut=701 t=0.8s [total elapsed 208.1min, n_rows=476]
    g=2 m=5 sigma=0.25 random_budgeted                cut=698 t=0.7s [total elapsed 208.1min, n_rows=477]
    g=2 m=5 sigma=0.25 hebbian_frobenius              cut=691 t=42.1s [total elapsed 208.8min, n_rows=478]
    g=2 m=5 sigma=0.25 hybrid_frobenius               cut=691 t=41.8s [total elapsed 209.5min, n_rows=479]
    g=2 m=5 sigma=0.25 oracle_compensation            cut=715 t=1.1s [total elapsed 209.5min, n_rows=480]
    g=2 m=6 sigma=0.25 static_budgeted                cut=697 t=0.7s [total elapsed 209.5min, n_rows=481]
    g=2 m=6 sigma=0.25 random_budgeted                cut=711 t=0.7s [total elapsed 209.5min, n_rows=482]
    g=2 m=6 sigma=0.25 hebbian_frobenius              cut=684 t=76.3s [total elapsed 210.8min, n_rows=483]
    g=2 m=6 sigma=0.25 hybrid_frobenius               cut=684 t=76.7s [total elapsed 212.1min, n_rows=484]
    g=2 m=6 sigma=0.25 oracle_compensation            cut=708 t=1.0s [total elapsed 212.1min, n_rows=485]
    g=2 m=7 sigma=0.25 static_budgeted                cut=701 t=0.7s [total elapsed 212.1min, n_rows=486]
    g=2 m=7 sigma=0.25 random_budgeted                cut=704 t=0.7s [total elapsed 212.1min, n_rows=487]
    g=2 m=7 sigma=0.25 hebbian_frobenius              cut=679 t=87.5s [total elapsed 213.6min, n_rows=488]
    g=2 m=7 sigma=0.25 hybrid_frobenius               cut=684 t=87.4s [total elapsed 215.1min, n_rows=489]
    g=2 m=7 sigma=0.25 oracle_compensation            cut=702 t=1.0s [total elapsed 215.1min, n_rows=490]
    g=2 m=8 sigma=0.25 static_budgeted                cut=696 t=0.8s [total elapsed 215.1min, n_rows=491]
    g=2 m=8 sigma=0.25 random_budgeted                cut=700 t=0.7s [total elapsed 215.1min, n_rows=492]
    g=2 m=8 sigma=0.25 hebbian_frobenius              cut=681 t=55.5s [total elapsed 216.0min, n_rows=493]
    g=2 m=8 sigma=0.25 hybrid_frobenius               cut=681 t=56.7s [total elapsed 217.0min, n_rows=494]
    g=2 m=8 sigma=0.25 oracle_compensation            cut=711 t=1.1s [total elapsed 217.0min, n_rows=495]
    g=2 m=9 sigma=0.25 static_budgeted                cut=715 t=0.7s [total elapsed 217.0min, n_rows=496]
    g=2 m=9 sigma=0.25 random_budgeted                cut=696 t=0.6s [total elapsed 217.0min, n_rows=497]
    g=2 m=9 sigma=0.25 hebbian_frobenius              cut=699 t=88.4s [total elapsed 218.5min, n_rows=498]
    g=2 m=9 sigma=0.25 hybrid_frobenius               cut=699 t=88.0s [total elapsed 219.9min, n_rows=499]
    g=2 m=9 sigma=0.25 oracle_compensation            cut=711 t=0.9s [total elapsed 220.0min, n_rows=500]
    g=2 m=0 sigma=0.5 static_budgeted                cut=699 t=1.0s [total elapsed 220.0min, n_rows=501]
    g=2 m=0 sigma=0.5 random_budgeted                cut=698 t=0.8s [total elapsed 220.0min, n_rows=502]
    g=2 m=0 sigma=0.5 hebbian_frobenius              cut=670 t=86.7s [total elapsed 221.4min, n_rows=503]
    g=2 m=0 sigma=0.5 hybrid_frobenius               cut=683 t=87.5s [total elapsed 222.9min, n_rows=504]
    g=2 m=0 sigma=0.5 oracle_compensation            cut=702 t=1.0s [total elapsed 222.9min, n_rows=505]
    g=2 m=1 sigma=0.5 static_budgeted                cut=701 t=1.1s [total elapsed 222.9min, n_rows=506]
    g=2 m=1 sigma=0.5 random_budgeted                cut=698 t=1.0s [total elapsed 222.9min, n_rows=507]
    g=2 m=1 sigma=0.5 hebbian_frobenius              cut=699 t=36.3s [total elapsed 223.5min, n_rows=508]
    g=2 m=1 sigma=0.5 hybrid_frobenius               cut=699 t=36.0s [total elapsed 224.1min, n_rows=509]
    g=2 m=1 sigma=0.5 oracle_compensation            cut=701 t=1.1s [total elapsed 224.2min, n_rows=510]
    g=2 m=2 sigma=0.5 static_budgeted                cut=704 t=1.1s [total elapsed 224.2min, n_rows=511]
    g=2 m=2 sigma=0.5 random_budgeted                cut=699 t=1.0s [total elapsed 224.2min, n_rows=512]
    g=2 m=2 sigma=0.5 hebbian_frobenius              cut=694 t=87.2s [total elapsed 225.7min, n_rows=513]
    g=2 m=2 sigma=0.5 hybrid_frobenius               cut=694 t=88.1s [total elapsed 227.1min, n_rows=514]
    g=2 m=2 sigma=0.5 oracle_compensation            cut=703 t=1.1s [total elapsed 227.1min, n_rows=515]
    g=2 m=3 sigma=0.5 static_budgeted                cut=692 t=1.1s [total elapsed 227.2min, n_rows=516]
    g=2 m=3 sigma=0.5 random_budgeted                cut=698 t=1.1s [total elapsed 227.2min, n_rows=517]
    g=2 m=3 sigma=0.5 hebbian_frobenius              cut=680 t=42.5s [total elapsed 227.9min, n_rows=518]
    g=2 m=3 sigma=0.5 hybrid_frobenius               cut=680 t=43.7s [total elapsed 228.6min, n_rows=519]
    g=2 m=3 sigma=0.5 oracle_compensation            cut=707 t=1.1s [total elapsed 228.6min, n_rows=520]
    g=2 m=4 sigma=0.5 static_budgeted                cut=704 t=1.2s [total elapsed 228.7min, n_rows=521]
    g=2 m=4 sigma=0.5 random_budgeted                cut=703 t=0.9s [total elapsed 228.7min, n_rows=522]
    g=2 m=4 sigma=0.5 hebbian_frobenius              cut=686 t=34.4s [total elapsed 229.2min, n_rows=523]
    g=2 m=4 sigma=0.5 hybrid_frobenius               cut=691 t=35.0s [total elapsed 229.8min, n_rows=524]
    g=2 m=4 sigma=0.5 oracle_compensation            cut=692 t=1.0s [total elapsed 229.8min, n_rows=525]
    g=2 m=5 sigma=0.5 static_budgeted                cut=699 t=1.4s [total elapsed 229.9min, n_rows=526]
    g=2 m=5 sigma=0.5 random_budgeted                cut=698 t=1.3s [total elapsed 229.9min, n_rows=527]
    g=2 m=5 sigma=0.5 hebbian_frobenius              cut=691 t=39.0s [total elapsed 230.5min, n_rows=528]
    g=2 m=5 sigma=0.5 hybrid_frobenius               cut=691 t=39.7s [total elapsed 231.2min, n_rows=529]
    g=2 m=5 sigma=0.5 oracle_compensation            cut=712 t=1.2s [total elapsed 231.2min, n_rows=530]
    g=2 m=6 sigma=0.5 static_budgeted                cut=695 t=1.3s [total elapsed 231.2min, n_rows=531]
    g=2 m=6 sigma=0.5 random_budgeted                cut=707 t=1.3s [total elapsed 231.3min, n_rows=532]
    g=2 m=6 sigma=0.5 hebbian_frobenius              cut=676 t=82.5s [total elapsed 232.6min, n_rows=533]
    g=2 m=6 sigma=0.5 hybrid_frobenius               cut=675 t=83.8s [total elapsed 234.0min, n_rows=534]
    g=2 m=6 sigma=0.5 oracle_compensation            cut=707 t=1.2s [total elapsed 234.1min, n_rows=535]
    g=2 m=7 sigma=0.5 static_budgeted                cut=683 t=1.0s [total elapsed 234.1min, n_rows=536]
    g=2 m=7 sigma=0.5 random_budgeted                cut=705 t=1.0s [total elapsed 234.1min, n_rows=537]
    g=2 m=7 sigma=0.5 hebbian_frobenius              cut=686 t=87.9s [total elapsed 235.6min, n_rows=538]
    g=2 m=7 sigma=0.5 hybrid_frobenius               cut=686 t=89.0s [total elapsed 237.0min, n_rows=539]
    g=2 m=7 sigma=0.5 oracle_compensation            cut=704 t=1.0s [total elapsed 237.1min, n_rows=540]
    g=2 m=8 sigma=0.5 static_budgeted                cut=693 t=1.1s [total elapsed 237.1min, n_rows=541]
    g=2 m=8 sigma=0.5 random_budgeted                cut=694 t=1.1s [total elapsed 237.1min, n_rows=542]
    g=2 m=8 sigma=0.5 hebbian_frobenius              cut=681 t=48.1s [total elapsed 237.9min, n_rows=543]
    g=2 m=8 sigma=0.5 hybrid_frobenius               cut=681 t=50.0s [total elapsed 238.7min, n_rows=544]
    g=2 m=8 sigma=0.5 oracle_compensation            cut=701 t=1.1s [total elapsed 238.7min, n_rows=545]
    g=2 m=9 sigma=0.5 static_budgeted                cut=700 t=1.0s [total elapsed 238.8min, n_rows=546]
    g=2 m=9 sigma=0.5 random_budgeted                cut=706 t=0.8s [total elapsed 238.8min, n_rows=547]
    g=2 m=9 sigma=0.5 hebbian_frobenius              cut=677 t=87.1s [total elapsed 240.2min, n_rows=548]
    g=2 m=9 sigma=0.5 hybrid_frobenius               cut=677 t=88.0s [total elapsed 241.7min, n_rows=549]
    g=2 m=9 sigma=0.5 oracle_compensation            cut=694 t=1.1s [total elapsed 241.7min, n_rows=550]
    g=2 m=0 sigma=1.0 static_budgeted                cut=691 t=2.0s [total elapsed 241.7min, n_rows=551]
    g=2 m=0 sigma=1.0 random_budgeted                cut=685 t=1.7s [total elapsed 241.8min, n_rows=552]
    g=2 m=0 sigma=1.0 hebbian_frobenius              cut=690 t=85.9s [total elapsed 243.2min, n_rows=553]
    g=2 m=0 sigma=1.0 hybrid_frobenius               cut=690 t=88.6s [total elapsed 244.7min, n_rows=554]
    g=2 m=0 sigma=1.0 oracle_compensation            cut=702 t=1.5s [total elapsed 244.7min, n_rows=555]
    g=2 m=1 sigma=1.0 static_budgeted                cut=689 t=2.9s [total elapsed 244.8min, n_rows=556]
    g=2 m=1 sigma=1.0 random_budgeted                cut=687 t=2.3s [total elapsed 244.8min, n_rows=557]
    g=2 m=1 sigma=1.0 hebbian_frobenius              cut=698 t=85.7s [total elapsed 246.2min, n_rows=558]
    g=2 m=1 sigma=1.0 hybrid_frobenius               cut=698 t=87.4s [total elapsed 247.7min, n_rows=559]
    g=2 m=1 sigma=1.0 oracle_compensation            cut=682 t=1.5s [total elapsed 247.7min, n_rows=560]
    g=2 m=2 sigma=1.0 static_budgeted                cut=683 t=2.0s [total elapsed 247.7min, n_rows=561]
    g=2 m=2 sigma=1.0 random_budgeted                cut=685 t=1.6s [total elapsed 247.8min, n_rows=562]
    g=2 m=2 sigma=1.0 hebbian_frobenius              cut=692 t=88.5s [total elapsed 249.2min, n_rows=563]
    g=2 m=2 sigma=1.0 hybrid_frobenius               cut=692 t=88.9s [total elapsed 250.7min, n_rows=564]
    g=2 m=2 sigma=1.0 oracle_compensation            cut=700 t=1.1s [total elapsed 250.7min, n_rows=565]
    g=2 m=3 sigma=1.0 static_budgeted                cut=687 t=2.5s [total elapsed 250.8min, n_rows=566]
    g=2 m=3 sigma=1.0 random_budgeted                cut=693 t=2.1s [total elapsed 250.8min, n_rows=567]
    g=2 m=3 sigma=1.0 hebbian_frobenius              cut=693 t=85.0s [total elapsed 252.2min, n_rows=568]
    g=2 m=3 sigma=1.0 hybrid_frobenius               cut=693 t=87.3s [total elapsed 253.7min, n_rows=569]
    g=2 m=3 sigma=1.0 oracle_compensation            cut=690 t=1.6s [total elapsed 253.7min, n_rows=570]
    g=2 m=4 sigma=1.0 static_budgeted                cut=695 t=2.7s [total elapsed 253.8min, n_rows=571]
    g=2 m=4 sigma=1.0 random_budgeted                cut=695 t=1.9s [total elapsed 253.8min, n_rows=572]
    g=2 m=4 sigma=1.0 hebbian_frobenius              cut=686 t=74.4s [total elapsed 255.0min, n_rows=573]
    g=2 m=4 sigma=1.0 hybrid_frobenius               cut=686 t=76.7s [total elapsed 256.3min, n_rows=574]
    g=2 m=4 sigma=1.0 oracle_compensation            cut=699 t=1.6s [total elapsed 256.3min, n_rows=575]
    g=2 m=5 sigma=1.0 static_budgeted                cut=699 t=3.7s [total elapsed 256.4min, n_rows=576]
    g=2 m=5 sigma=1.0 random_budgeted                cut=701 t=4.3s [total elapsed 256.5min, n_rows=577]
    g=2 m=5 sigma=1.0 hebbian_frobenius              cut=677 t=86.5s [total elapsed 257.9min, n_rows=578]
    g=2 m=5 sigma=1.0 hybrid_frobenius               cut=677 t=89.8s [total elapsed 259.4min, n_rows=579]
    g=2 m=5 sigma=1.0 oracle_compensation            cut=690 t=1.8s [total elapsed 259.4min, n_rows=580]
    g=2 m=6 sigma=1.0 static_budgeted                cut=690 t=3.5s [total elapsed 259.5min, n_rows=581]
    g=2 m=6 sigma=1.0 random_budgeted                cut=700 t=3.6s [total elapsed 259.6min, n_rows=582]
    g=2 m=6 sigma=1.0 hebbian_frobenius              cut=682 t=84.4s [total elapsed 261.0min, n_rows=583]
    g=2 m=6 sigma=1.0 hybrid_frobenius               cut=682 t=87.4s [total elapsed 262.4min, n_rows=584]
    g=2 m=6 sigma=1.0 oracle_compensation            cut=690 t=1.5s [total elapsed 262.4min, n_rows=585]
    g=2 m=7 sigma=1.0 static_budgeted                cut=670 t=1.9s [total elapsed 262.5min, n_rows=586]
    g=2 m=7 sigma=1.0 random_budgeted                cut=688 t=2.9s [total elapsed 262.5min, n_rows=587]
    g=2 m=7 sigma=1.0 hebbian_frobenius              cut=680 t=62.5s [total elapsed 263.6min, n_rows=588]
    g=2 m=7 sigma=1.0 hybrid_frobenius               cut=682 t=65.0s [total elapsed 264.6min, n_rows=589]
    g=2 m=7 sigma=1.0 oracle_compensation            cut=689 t=1.5s [total elapsed 264.7min, n_rows=590]
    g=2 m=8 sigma=1.0 static_budgeted                cut=706 t=2.9s [total elapsed 264.7min, n_rows=591]
    g=2 m=8 sigma=1.0 random_budgeted                cut=698 t=2.4s [total elapsed 264.8min, n_rows=592]
    g=2 m=8 sigma=1.0 hebbian_frobenius              cut=687 t=89.7s [total elapsed 266.3min, n_rows=593]
    g=2 m=8 sigma=1.0 hybrid_frobenius               cut=687 t=92.9s [total elapsed 267.8min, n_rows=594]
    g=2 m=8 sigma=1.0 oracle_compensation            cut=699 t=1.5s [total elapsed 267.8min, n_rows=595]
    g=2 m=9 sigma=1.0 static_budgeted                cut=691 t=1.7s [total elapsed 267.9min, n_rows=596]
    g=2 m=9 sigma=1.0 random_budgeted                cut=693 t=1.4s [total elapsed 267.9min, n_rows=597]
    g=2 m=9 sigma=1.0 hebbian_frobenius              cut=682 t=89.7s [total elapsed 269.4min, n_rows=598]
    g=2 m=9 sigma=1.0 hybrid_frobenius               cut=682 t=89.9s [total elapsed 270.9min, n_rows=599]
    g=2 m=9 sigma=1.0 oracle_compensation            cut=686 t=1.3s [total elapsed 270.9min, n_rows=600]

Wrote results/heterogeneity_experiment_v2.csv (600 rows) in 270.9 min
